✔ Swedish prose labels terminate the preceding relationship block (1.470458ms)
✔ multiword and year-bearing labels terminate parent blocks (0.820875ms)
✔ table relations include parents and exclude grandparents and uncertain links (0.658542ms)
✔ derived depths follow the corrected direction (0.134375ms)
✔ a colon inside a table cell does not start a prose block (0.704ms)
✔ a kinship word outside the relation head describes someone else (0.211084ms)
✔ an explicit reservation in the relation cell keeps the edge out (0.096417ms)
Dashboardens sparade ögonblicksbild verifierad (ingen uppdatering eller aktualitetskontroll)
✔ scripts/dashboard-data.test.mjs (99.269375ms)
✔ dashboardkontroller tillåter att kanonisk forskning går vidare utan uppdatering (130.407458ms)
✔ dashboardens vanliga npm-kommandon har ingen automatisk datauppdatering (1.394667ms)
✔ coverage rows parse ten backticked cells and ignore other tables (1.241375ms)
✔ work state defaults to EJ GRANSKAD and reads the coverage override (1.212125ms)
✔ terminal status requires evidence, including VERIFIERAD (0.820167ms)
✔ terminal fields cannot borrow a following bullet or section as their value (0.233542ms)
✔ a coverage row takes precedence over KLAR and privacy overrides (24.63875ms)
✔ KLAR fallback without a matrix row requires a written justification (1.034792ms)
✔ owner-confirmed parent relations require no terminal label or archival original (0.180875ms)
✔ depth 1 is treated when both parents are reviewed and coverage-ready, LEAD does not propagate (0.19875ms)
✔ an invalid front on a half-tip keeps the generation untreated and counts unsearched positions (0.173ms)
✔ a missing coverage row without override is not coverage-ready (0.166666ms)
✔ parorden följer ägarens konvention (0.606458ms)
✔ könet läses ur huvudledet; roller mot en tredje person räknas inte (0.723209ms)
✔ etikett, generation, väg och pronomen (1.386084ms)
✔ raden står mellan namnet och första avsnittet och skrivs om utan att dubbleras (0.134166ms)
✔ rollord tolkas ur huvudledet, med reservation och hushållsform (0.953542ms)
✔ sidopersoner: släkt får kompakt etikett, ingifta och vittnen sin roll (4.775834ms)
✔ en reservation i endera aktens rad gör relationen obekräftad (1.352958ms)
✔ en avvecklad akt får skäl och motsvarighet, med släktled inskjuten (0.44225ms)
✔ markeringen AVVECKLAD AKT måste stämma med registret (25.816583ms)
✔ helsyskon till en ana får eget ord efter ensamt far/mor, halvsyskon skrivs ut (0.157459ms)
✔ minimal dossier with empty tables passes (2.008708ms)
✔ missing, duplicate and reordered mandatory headings fail (3.953791ms)
✔ optional sections permitted only once between questions and history (0.642375ms)
✔ wrong header, width and missing delimiter rejected (0.545417ms)
✔ historical and H3 tables do not become current tables (0.207458ms)
✔ fenced examples and escaped pipe do not add headings or columns (0.247417ms)
✔ profile headings and duplicate fields are independently checked (1.50825ms)
✔ blank-line table continuation is reported instead of losing later claims (0.229208ms)
✔ rubrikstandarden fångar nivåhopp, fetstil och underrubrik i Identitet (0.676792ms)
✔ bevarade citatblock undantas från rubrikstandarden (0.254041ms)
✔ fetstilstätheten räknas utan citatblock (0.324458ms)
✔ valid frozen mapping passes without comparing mutable content hashes (2.363167ms)
✔ missing and duplicate baseline persons are rejected (0.51175ms)
✔ missing, duplicate and wrongly assigned cohort member fail (0.399584ms)
✔ new and vanished current dossiers require explicit reconciliation (0.272125ms)
✔ missing final dependency and missing task are detected (0.604334ms)
✔ membership parser ignores references outside membership section and rejects repeated sections (0.481459ms)
✔ legacy KLAR without a profile remains unassessed, never a new approval (3.734ms)
✔ partial adoption can preserve uncertainty without declaring all research complete (1.208792ms)
✔ copying GODKÄND onto unassessed themes or a live question is rejected (0.730667ms)
✔ privacy minimization can be structurally reviewed but needs every outcome and evidence link (4.58025ms)
✔ a terminal source constraint cannot erase an open biography theme (2.249875ms)
✔ duplicate current status and a nonexistent review date cannot approve a profile (0.628791ms)
✔ prose saying another path is not required must not create that dependency (0.352375ms)
✔ explicit missing or cyclic source keys fail, including cycles across people (1.318834ms)
✔ unknown question, source class or executable task reference is rejected (0.783666ms)
✔ local evidence links check actual files and Swedish heading anchors (3.72175ms)
✔ an archive-blocked task does not block an independent ready task (0.512542ms)
✔ Wotan rejects lost dev-logs, duplicate active work and circular predecessors (0.107ms)
✔ en identitetsgodkänd person passerar med livsbilden orörd (0.413625ms)
✔ BÄRANDE kräver godkänd identitetsgranskning och prövad identitet (1.019584ms)
✔ en avgränsat olöst identitet får godkännas men stannar på AVVAKTAR (0.335ms)
✔ äldre full GODKÄND utan fältet härleds till identitetsnivån (0.3085ms)
✔ ny full GODKÄND måste ange grinden uttryckligen och får inte motsägas (0.439875ms)
✔ ogiltiga värden i de nya fälten avvisas (0.989959ms)
✔ nivåerna räknas per djup och slås aldrig ihop (0.179083ms)
✔ BÄRANDE kräver att personen ligger i anlinjen (0.065166ms)
ℹ tests 67
ℹ suites 0
ℹ pass 67
ℹ fail 0
ℹ cancelled 0
ℹ skipped 0
ℹ todo 0
ℹ duration_ms 231.039959
