Registrerade indikatorer; formell giltighet och frånvaro av prioritet 1 bevisar inte north stars uppfyllelse. Villkorliga 2-celler kräver sakprövning.
Proband: Adam och Axel (P-0269, P-0270); djup 1 = P-0004, P-0210
Personernas separata kontrakts-/livsbildsläge: node scripts/research-inventory.mjs (äldre KLAR är inte nytt godkännande).

djup | positioner | kända | stängda | öppna | granskade | källbredd-klara | osökta fronter ≤ djup | behandlad
   1 |          2 |     2 |       0 |     0 |         2 |               2 |                     0 | ja
   2 |          4 |     4 |       0 |     0 |         4 |               4 |                     0 | ja
   3 |          8 |     8 |       0 |     0 |         8 |               8 |                     0 | ja
   4 |         16 |    16 |       0 |     0 |        16 |              16 |                     0 | ja
   5 |         32 |    32 |       0 |     0 |        32 |              31 |                     0 | nej
   6 |         64 |    58 |       6 |     0 |        58 |              44 |                    23 | nej
   7 |        128 |    42 |      43 |    43 |        42 |              40 |                    26 | nej
   8 |        256 |     2 |     162 |    92 |         2 |               2 |                    26 | nej

Registrerat gemensamt djup: 4
Nästa skiva: djup 5
  Sverkers sida (kända 16, granskade 16, källbredd-klara 16)
    anspetsar utan giltig arkivfront: 0
    ej granskade: 0
    ej källbredd-klara: 0
  Kristinas sida (kända 16, granskade 16, källbredd-klara 15)
    anspetsar utan giltig arkivfront: 0
    ej granskade: 0
    ej källbredd-klara: 1
      P-0250 (djup 5)  Abraham Jönsson  — oprövade: D
