✔ arkivtext behåller UTF-8-byte, radslut, hash, enhetsspann och avslut utan ny rad (5.629208ms)
✔ P/S/C/T-länkar kräver exakta textomnämnanden och verkliga importerade mål (9.062416ms)
✔ tomma filter ger inga tomma SQL-villkor och sökningen är bokstavlig (1.533125ms)
✔ alla 51 forskningskontextdokument har sakligt avgränsade historiska ändamål (2.007583ms)
✔ konverteringsbeslut skiljer bevarad text från tolkningsfråga och versioneras utan att ändra underlaget (38.46125ms)
✔ en sammansatt rad behåller alla återbrukade mål och senare beslut ersätter hela målgruppen (37.561167ms)
✔ en gemensam händelses preciseringar visas oförändrade för alla deltagare (20.164625ms)
✔ läsvyn bevarar skilda förbehåll, bedömningar, ursprung och väntande omprövning (16.504791ms)
✔ transaktioner, versionskonflikt, oföränderlig evidens, beroenden och återställning (38.025291ms)
✔ kandidater/avvisanden är skilda från accepterad identitet; ägarkunskap nedgraderas inte (14.551792ms)
✔ första verkliga evidenskohorten bevarar postgränser, rättelser, sökomfång och alla textenheter (15670.927167ms)
✔ femte kohorten bevarar härledda index, positiva kontrollposter i söknoll och oförenliga råuppgifter (31587.592ms)
✔ andra verkliga kohorten bevarar rättade flyttkedjor och omfång samt återbrukar tidigare källposter (17944.180917ms)
✔ tredje verkliga kohorten skiljer rättelser, återbrukad gammal text och kvarstående källkonflikter (19809.306208ms)
✔ fjärde verkliga kohorten versionsbevarar nya bildlänkar och skiljer råkolumner, omprövningar och projektslutledningar (23796.486958ms)
✔ sista evidenskohorten bevarar sena identitetsgränser, råkonflikter och katalogåtkomst utan personslutsatser (42673.199334ms)
✔ två citationer återbrukar samma källpost, läsningar hålls skilda och söknoll blir ingen positiv post (72.621458ms)
✔ exakta UTF-8-spann och citerad historik; bevarade Markdown-celler (1.5405ms)
✔ förlustfri import, atomärt avbrott, omimport, drift, backup och export/restore (59.566583ms)
✔ inventeringen skiljer aktiva akter, oregistrerad granskning, identitetsgrind och livsbild (18.191833ms)
✔ kandidathändelse och deltagaridentitet blir inte fastställd genom accepterad personkärna (1.9595ms)
✔ kronologin använder typade datum och bevarar intervall, alternativ och alfabetiska råformer (0.428625ms)
✔ samma händelse grupperas men båda deltagarrollerna och samtliga hela förbehåll består (0.330125ms)
✔ arkivreferens visar avvisad läsning, inaktiv fråga och väntande omprövning på importbedömningen (0.24325ms)
✔ alias och avvecklad verklig person är olika fall (0.189958ms)
✔ granskningsaxlar och fristående rättelser syns utan att äldre fullkontrakt blir aktuell livsbildsgranskning (0.309042ms)
✔ konflikter och korrigerande sakbedömningar syns även när caveat är tomt (0.739ms)
✔ antavlefrågan skiljer säkra länkar, osäker/avvisad identitet, roller, riktning, cykler och väntande prövningar (27.977542ms)
✔ verified är standard och passerar rot samt förälder med underkänd livsbild men stoppar båda ofärdiga mor-/farföräldrarna (20.781375ms)
✔ saknad eller underkänd rotgranskning stoppar passage trots accepterad person och säkra typade länkar (16.597041ms)
✔ godkända profiler upphäver inte kandidatkanter, fel relationsart, avvisade/ersatta identiteter, väntande omprövning eller cykler (30.181916ms)
✔ en senare underkänd identitetsgranskning stoppar grenen utan revision av person eller föräldralänk (22.44175ms)
✔ verified behåller djup- och antalsgränser samt typad frågas gränsvalidering (19.900208ms)
✔ biological_parent är ett läsalias med bevarad ägarkunskap; correlated_parent och saknad granskning ger ingen passage (12.924375ms)
✔ andra personkohorten skiljer källpersoner, kandidatföräldrar, registreringsdagar och avvecklad forskning (155109.208625ms)
▶ tredje personkohorten bevarar rättelser, kandidatgränser och källomfång efter faktisk införsel
  ✔ senare kolumnprövning av C0123 ger tre gemensamma lysningar, ingen läst vigseldag (2305.625417ms)
  ✔ C0833:s födelsebarn och föräldrar är bevarade utan säker brygga till vuxne P0123 (2348.668ms)
  ✔ Carolina har egen bokförd utflyttning 1857 och följer inte automatiskt familjen 1859 (1157.32925ms)
  ✔ familjesynteser binder sina källposter och moderstalet 38 förblir ett eget råfält (13941.611ms)
  ✔ C0128 bevarar dop 8 oktober, Stina Cajsa och en annan rå moder utan P0126-moderskant (19.38925ms)
  ✔ P0125:s avförda sökning i 1822 får ingen negativ verkan för födelsen 1820 (1161.189667ms)
✔ tredje personkohorten bevarar rättelser, kandidatgränser och källomfång efter faktisk införsel (143179.336834ms)
▶ fjärde personkohorten bevarar rättelser, kandidatgränser och källomfång efter faktisk införsel
  ✔ Rödåbarnens olika radmarkeringar blir inte påhittade livshändelser (1403.540333ms)
  ✔ Carl Petters vuxennamn och sonfamilj bevaras utan nya säkra barnidentiteter (0.925709ms)
  ✔ Maria Johannas identitetskandidat behåller rätt ort, full dag och olöst slutsats (0.691958ms)
  ✔ Hans dop får fyra originalvittnen och ingen summering med den motsagda privatlistan (1.752541ms)
  ✔ privata barnuppgifter skapar inga accepterade ankanter och namnarna förblir skilda (77.416958ms)
  ✔ Bettnafallet bevarar rättad dagläsning utan påhittat noll eller säker biologisk mor (1393.217833ms)
  ✔ Anna Stinas olösta födelse, fysiska volymlucka och verkliga noll har skilda omfång (1415.37125ms)
  ✔ en senare komplett vittneslista upphäver den gamla negativa premissen utan att bevisa släktskap (65.804084ms)
✔ fjärde personkohorten bevarar rättelser, kandidatgränser och källomfång efter faktisk införsel (158449.256292ms)
▶ femte personkohorten bevarar rättelser, kandidatgränser och källomfång efter faktisk införsel
  ✔ privatlistans sex barn behåller kandidatgränser och individuella ort-/yrkesfält (57.24175ms)
  ✔ avvisade dopanspråk avvecklar forskning men raderar inte möjliga människor (5170.742459ms)
  ✔ Kristinas ägarbekräftade kärnfamilj och senare granskningsbeslut hålls samman (1733.909375ms)
  ✔ Evys födelseby, familjehemvist och separata söknoll behåller olika räckvidd (1725.967292ms)
  ✔ Gunnars källnamn och senare rättelser blir inga nya identiteter eller påhittade orter (12.572208ms)
  ✔ Maria Sofias nöddop, dopbekräftelse och moderns kyrktagning har rätt subjekt (3494.654042ms)
  ✔ Årdalahushållens radägare och identitetskandidater behåller sina gränser (10.474292ms)
  ✔ Risvattnets ålderskonflikt och dödsnotis behandlas efter skilda källgrunder (12.596375ms)
  ✔ Johanna Charlottas existens består när forskningen avvecklas och rånamn rättas (1759.943209ms)
  ✔ Henrikssonfamiljens källposter, barnantal och personliga dopnoter hålls isär (3.248083ms)
✔ femte personkohorten bevarar rättelser, kandidatgränser och källomfång efter faktisk införsel (216567.444667ms)
▶ sjätte personkohorten bevarar rättelser, kandidatgränser och källomfång efter faktisk införsel
  ✔ Stinas senare datumrättelse bevaras utan att decemberbarnet eller 1867 års piga blir hon (7.410792ms)
  ✔ Olivas ägartitel bevisar inte en överlåtelse och Erik har egna källposter för flytt och födelse (3.657083ms)
  ✔ Larssonfamiljens sena läsrättelser ändrar inte olästa fält till säkra slutsatser (1.7695ms)
  ✔ Henrikssonbarnen delar rätt familjeflytt utan att ett senare barn deltar (0.714625ms)
  ✔ Urbom och Ajax behåller olösta ursprung, villkorad ålder och rättade barnposter (11.152458ms)
  ✔ Högsjös hushållsmedlemskap skapar inga nya föräldrar och civilståndskonflikten består (27.856541ms)
  ✔ Hökfamiljens rättade datum och postbundna uppgifter följer rätt person (2.371958ms)
  ✔ barnamodern blir inte Johannes egen mor och ägarfastställt faderskap består (9.857458ms)
  ✔ kärnfamiljens ägarbekräftelse består samtidigt som motstridiga gamla betyg syns (4112.235666ms)
  ✔ Korsbergaberättelsens kandidater blir inga säkra anor och sidnoll behåller sitt omfång (45.85525ms)
  ✔ Alvas gamla dubblett får historiskt forskningsläge utan ny person eller ändrad aktuell Alvaprofil (2006.25425ms)
  ✔ sidogrenarnas namn, yrkesberättelser och olösta identiteter behåller egna gränser (1.840333ms)
✔ sjätte personkohorten bevarar rättelser, kandidatgränser och källomfång efter faktisk införsel (268552.700583ms)
✔ sjunde kohorten bevarar källrättelser och avgränsningar med full radtäckning, omkörning och återställning (631230.474375ms)
persons-08: bas, pilot och journalposter 1–33 återspelade
persons-08: införsel, omkörning, 41 riskgrupper, historik och full enhetstäckning godkända
persons-08: återställning med identisk export, personvy och bevarade granskningsnivåer godkänd
✔ åttonde kohorten bevarar källrättelser och avgränsningar med full radtäckning, omkörning och återställning (782333.247333ms)
persons-09: bas, pilot och journalposter 1–34 återspelade
persons-09: införsel, omkörning, semantiska riskfall, historik och full enhetstäckning godkända
persons-09: identisk återställning; avvecklad forskning och avvisad läsning bevarade
✔ nionde kohorten bevarar källrättelser och avgränsningar med full radtäckning, omkörning och återställning (937533.8325ms)
persons-10: bas, pilot och journalposter 1–35 återspelade
persons-10: införsel, omkörning, semantiska riskfall, historik och full enhetstäckning godkända
persons-10: identisk återställning och bevarade faders-/civilståndskonflikter
✔ tionde kohorten bevarar källrättelser och avgränsningar med full radtäckning, omkörning och återställning (1121118.09775ms)
persons-11: bas, pilot och journalposter 1–36 återspelade
persons-11: införsel, omkörning, semantiska riskfall, historik och full enhetstäckning godkända
persons-11: identisk återställning och bevarade identitets-/födelsekonflikter
✔ elfte och sista personkohorten bevarar källrättelser och avgränsningar med full radtäckning, omkörning och återställning (1155052.221792ms)
✔ första personkohorten bevarar rättelser, gemensamma källomnämnanden, riktade relationer och avvecklade frågor (95594.878208ms)
✔ personimporten bevarar flera mål, gemensamma relationer och aktiva forskningsbedömningar (104.30625ms)
✔ personimporten bevarar flera mål, gemensamma relationer och avvecklade forskningsbedömningar (61.870541ms)
✔ personvyn visar återbrukade fakta som separat kontext med verkligt ämne utan dubblering (29.555667ms)
✔ icke-personakters historiska profiler förblir skilda från målpersonens aktuella forskning (52.748958ms)
✔ riktig pilot: familjeroller, provenans, datum, avgränsat noll och identiteter (12248.761208ms)
✔ fullständiga register bevarar 805 källor och skiljer 25 sidpersoner, en dubblett och ett felläsningsförslag (14005.118125ms)
✔ accepterad och ägarbekräftad person saknar grind utan uttryckliga bedömningar (7.2965ms)
✔ exakta äldre rubrikrader passerar identitetsnivån trots livsbild UNDERKÄND och sammanblandat outcome (4.879459ms)
✔ accepterad enpostidentitet med UNDERKÄND och EJ BÄRANDE stoppas oberoende av positivt aggregate outcome (3.718458ms)
✔ KLAR, citat, kodexempel och senare avsnitt blir inte aktuella granskningsrader (3.651625ms)
✔ dubbla, kvalificerade och motsägande rubrikvärden stoppas utan gissning (5.7675ms)
✔ native kriterier går före äldre import per nivå och bevarar argument, belägg och rättelsekvalifikationer (6.102459ms)
✔ konkurrerande nativebedömningar stoppas även med samma utfall; uttrycklig pensionering löser konkurrensen (5.981584ms)
✔ rättad, pensionerad, föreslagen eller ogiltig nativebedömning återupplivar inte äldre godkännande (9.624458ms)
✔ versionsändrat belägg stoppar pending granskning även om en ny revision återger samma positiva utfall (6.519375ms)
✔ pending livsbildskriterium blockerar inte identitet; pending gemensamt äldre bedömningshuvud måste avgränsas uttryckligt (5.939375ms)
✔ saknad eller okänd livsbild sänker inte godkänd identitetsnivå; kandidatperson passerar ändå inte (5.0885ms)
▶ källprecision rättas med bevarad historik och uttrycklig följdprövning
  ✔ rårollen make avgör inte offentlig personidentitet (1.739875ms)
  ✔ Edlas egna flyttar bryter sammanboendet men inte syskonskapet (0.853167ms)
  ✔ vittnets ort och oetiketterad ålder får rätt räckvidd även i följdöversikten (1.250041ms)
  ✔ gamla revisioner består och följdprövningen krävs innan allt är avstämt (4736.41125ms)
✔ källprecision rättas med bevarad historik och uttrycklig följdprövning (263001.79275ms)
✔ schema 1: explicit migrering och återställning av äldre export (33.415209ms)
✔ schema 2: explicit migrering och återställning av äldre export (63.725291ms)
✔ schema 3: explicit migrering och återställning av äldre export (64.368625ms)
✔ schema 4: explicit migrering och återställning av äldre export (76.350083ms)
✔ schema 5: explicit migrering och återställning av äldre export (75.946542ms)
✔ dopvittnesalias är händelsebundet och okända rollord bevaras (0.65725ms)
✔ båda dopvittneskoder hittas, utan dopbarn, föräldrar, förrättare eller vigselvittnen (18.316541ms)
✔ deltagare, händelse och råomnämnande behåller var sin fulla bedömning (13.48925ms)
✔ personfilter betyder uttrycklig deltagarperson; ett namn eller en identitetslänk fyller inte luckan (11.963209ms)
✔ tomma filter betyder alla aktuella deltaganden; okända värden förblir sökbara (20.91225ms)
✔ frågevyn är läsande och döljer inga äldre revisioner genom omskrivning (14.45325ms)
✔ frågeutfall återbrukar domänens kodning och behåller de verkliga okodade råorden (0.363542ms)
✔ en avvecklad öppen fråga förblir inaktiv utan ändrat råutfall eller bedömning (0.094375ms)
✔ hel arbetscykel med nya media, versionsbundna referenser, avbrott, journal och full återställning (30144.723167ms)
✔ fel i sista ändringen lämnar varken operation, sökindex eller journal; föråldrat belägg inom samma operation stoppas (17.809583ms)
✔ senare journaloperation måste kontrollera även återbrukade gamla och nya medier (8099.546583ms)
ℹ tests 119
ℹ suites 0
ℹ pass 119
ℹ fail 0
ℹ cancelled 0
ℹ skipped 0
ℹ todo 0
ℹ duration_ms 1942133.699125
