{
  people: 50,
  changes: 3088,
  spans: 162,
  decisions: 5501,
  requestHash: 'c6d3e5369e481d95e162596c195f60e97f47ed4ea8c3d757d128d260031f8ff1',
  dir: '/var/folders/m9/vh359xh12xv4d28_6sd260x80000gq/T/genealogy2-T0661-preflight-osygZz'
}
{
  unchanged: false,
  operation: 'T-0661/persons-10-v1',
  changes: 3088,
  pendingReviews: 0
}
{ ok: true, groups: 36 }
{ pending: 0 }
node:internal/modules/esm/resolve:272
    throw new ERR_MODULE_NOT_FOUND(
          ^

Error [ERR_MODULE_NOT_FOUND]: Cannot find module '/Users/sverker/repos/slaktforsk/genealogy2/verification/persons-10-part-b-risk.mjs' imported from /Users/sverker/repos/slaktforsk/genealogy2/verification/persons-10-risk-checks.mjs
    at finalizeResolution (node:internal/modules/esm/resolve:272:11)
    at moduleResolve (node:internal/modules/esm/resolve:879:10)
    at defaultResolve (node:internal/modules/esm/resolve:1006:11)
    at #cachedDefaultResolve (node:internal/modules/esm/loader:708:20)
    at #resolveAndMaybeBlockOnLoaderThread (node:internal/modules/esm/loader:728:38)
    at ModuleLoader.resolveSync (node:internal/modules/esm/loader:766:56)
    at #resolve (node:internal/modules/esm/loader:690:17)
    at ModuleLoader.getOrCreateModuleJob (node:internal/modules/esm/loader:610:35)
    at ModuleJob.syncLink (node:internal/modules/esm/module_job:277:33)
    at ModuleJob.link (node:internal/modules/esm/module_job:389:17) {
  code: 'ERR_MODULE_NOT_FOUND',
  url: 'file:///Users/sverker/repos/slaktforsk/genealogy2/verification/persons-10-part-b-risk.mjs'
}

Node.js v26.8.1
