{
  people: 38,
  changes: 2509,
  spans: 121,
  decisions: 3737,
  requestHash: 'd229c025eca31294357e9ce6b503dcf2f7d38f76e8b24207802d9a7d4fcf8367',
  dir: '/var/folders/m9/vh359xh12xv4d28_6sd260x80000gq/T/genealogy2-T0662-preflight-iUicbp'
}
{
  unchanged: false,
  operation: 'T-0662/persons-11-v1',
  changes: 2509,
  pendingReviews: 0
}
{ ok: true, groups: 27 }
{ pending: 0 }
{
  ok: true,
  groups: 82,
  parts: [
    { ok: true, groups: 15 },
    { ok: true, groups: 10 },
    { ok: true, groups: 13 },
    { ok: true, groups: 27 },
    { ok: true, groups: 16 }
  ]
}
Förprov PASS; huvuddatabasen oförändrad.
