{
  people: 38,
  changes: 2509,
  spans: 121,
  decisions: 3737,
  requestHash: 'a6a0c9591dca389fe83dd201d18f260d043e4d208a0fdce469509459ca642a42',
  dir: '/var/folders/m9/vh359xh12xv4d28_6sd260x80000gq/T/genealogy2-T0662-preflight-kZ6uZQ'
}
{
  unchanged: false,
  operation: 'T-0662/persons-11-v1',
  changes: 2509,
  pendingReviews: 0
}
{ ok: true, groups: 26 }
{ pending: 0 }
{
  ok: true,
  groups: 81,
  parts: [
    { ok: true, groups: 15 },
    { ok: true, groups: 10 },
    { ok: true, groups: 13 },
    { ok: true, groups: 26 },
    { ok: true, groups: 16 }
  ]
}
Förprov PASS; huvuddatabasen oförändrad.
