✔ ny källrevision efter retain öppnar direkt omprövning av äldre versionsbundet underlag (18.908042ms)
✔ ny källrevision efter retain öppnar även transitiv omprövning av äldre versionsbundet underlag (16.285042ms)
✔ en orelaterad källrevision öppnar inte redan prövade direkta eller transitiva slutsatser (17.975ms)
✔ typad antavla styrs av relationsbeslut, inte släktord i prosa eller fristående CONFLICT-status (21.699208ms)
✔ v2 följer en kvarvarande gammal kedja men flaggar inte en frikopplad aktuell revision (18.051417ms)
✔ gamla råjournaler behåller v1-resultat; native skrivning och retries bevarar vald policy och hash (304.74275ms)
✔ okänd omprövningsversion stoppas före mutation; explicit v1 förblir läsbar (18.15125ms)
✔ arkivtext behåller UTF-8-byte, radslut, hash, enhetsspann och avslut utan ny rad (5.348541ms)
✔ P/S/C/T-länkar kräver exakta textomnämnanden och verkliga importerade mål (9.1785ms)
✔ tomma filter ger inga tomma SQL-villkor och sökningen är bokstavlig (1.478916ms)
✔ alla 51 forskningskontextdokument har sakligt avgränsade historiska ändamål (1.850416ms)
✔ konverteringsbeslut skiljer bevarad text från tolkningsfråga och versioneras utan att ändra underlaget (39.726875ms)
✔ en sammansatt rad behåller alla återbrukade mål och senare beslut ersätter hela målgruppen (41.117083ms)
✔ en gemensam händelses preciseringar visas oförändrade för alla deltagare (19.022791ms)
✔ läsvyn bevarar skilda förbehåll, bedömningar, ursprung och väntande omprövning (17.623375ms)
✔ transaktioner, versionskonflikt, oföränderlig evidens, beroenden och återställning (39.237167ms)
✔ kandidater/avvisanden är skilda från accepterad identitet; ägarkunskap nedgraderas inte (14.035792ms)
✔ första verkliga evidenskohorten bevarar postgränser, rättelser, sökomfång och alla textenheter (16240.777792ms)
✔ femte kohorten bevarar härledda index, positiva kontrollposter i söknoll och oförenliga råuppgifter (31722.78ms)
✔ andra verkliga kohorten bevarar rättade flyttkedjor och omfång samt återbrukar tidigare källposter (18060.5345ms)
✔ tredje verkliga kohorten skiljer rättelser, återbrukad gammal text och kvarstående källkonflikter (20179.119958ms)
✔ fjärde verkliga kohorten versionsbevarar nya bildlänkar och skiljer råkolumner, omprövningar och projektslutledningar (25276.980084ms)
✔ sista evidenskohorten bevarar sena identitetsgränser, råkonflikter och katalogåtkomst utan personslutsatser (41943.933417ms)
✔ två citationer återbrukar samma källpost, läsningar hålls skilda och söknoll blir ingen positiv post (179.985792ms)
✔ impact traces actual old-version chains while separating detached current objects (81.411708ms)
✔ citation routes bounded records but never converts import origins/targets or text into support (77.970792ms)
✔ literal date search finds unlinked copies and keeps superseded revisions separate (27.264625ms)
✔ namesake, case sensitivity and SQL/regex characters never imply identity or evidence (25.151041ms)
✔ read-only CLI and library preserve complete export and do not resolve pending reviews (160.653375ms)
✔ exakta UTF-8-spann och citerad historik; bevarade Markdown-celler (1.496875ms)
✔ förlustfri import, atomärt avbrott, omimport, drift, backup och export/restore (59.350417ms)
✔ inventeringen skiljer aktiva akter, oregistrerad granskning, identitetsgrind och livsbild (18.809541ms)
✔ kandidathändelse och deltagaridentitet blir inte fastställd genom accepterad personkärna (1.965167ms)
✔ kronologin använder typade datum och bevarar intervall, alternativ och alfabetiska råformer (0.407125ms)
✔ samma händelse grupperas men båda deltagarrollerna och samtliga hela förbehåll består (0.309291ms)
✔ arkivreferens visar avvisad läsning, inaktiv fråga och väntande omprövning på importbedömningen (0.239625ms)
✔ alias och avvecklad verklig person är olika fall (0.187416ms)
✔ granskningsaxlar och fristående rättelser syns utan att äldre fullkontrakt blir aktuell livsbildsgranskning (0.312875ms)
✔ konflikter och korrigerande sakbedömningar syns även när caveat är tomt (0.690375ms)
✔ antavlefrågan skiljer säkra länkar, osäker/avvisad identitet, roller, riktning, cykler och väntande prövningar (28.81125ms)
✔ verified är standard och passerar rot samt förälder med underkänd livsbild men stoppar båda ofärdiga mor-/farföräldrarna (20.635334ms)
✔ saknad eller underkänd rotgranskning stoppar passage trots accepterad person och säkra typade länkar (16.5345ms)
✔ godkända profiler upphäver inte kandidatkanter, fel relationsart, avvisade/ersatta identiteter, väntande omprövning eller cykler (27.713917ms)
✔ en senare underkänd identitetsgranskning stoppar grenen utan revision av person eller föräldralänk (22.487416ms)
✔ verified behåller djup- och antalsgränser samt typad frågas gränsvalidering (21.496917ms)
✔ biological_parent är ett läsalias med bevarad ägarkunskap; correlated_parent och saknad granskning ger ingen passage (12.833042ms)
✔ andra personkohorten skiljer källpersoner, kandidatföräldrar, registreringsdagar och avvecklad forskning (147471.042458ms)
▶ tredje personkohorten bevarar rättelser, kandidatgränser och källomfång efter faktisk införsel
  ✔ senare kolumnprövning av C0123 ger tre gemensamma lysningar, ingen läst vigseldag (2676.800666ms)
  ✔ C0833:s födelsebarn och föräldrar är bevarade utan säker brygga till vuxne P0123 (2317.028834ms)
  ✔ Carolina har egen bokförd utflyttning 1857 och följer inte automatiskt familjen 1859 (1143.607417ms)
  ✔ familjesynteser binder sina källposter och moderstalet 38 förblir ett eget råfält (13671.253583ms)
  ✔ C0128 bevarar dop 8 oktober, Stina Cajsa och en annan rå moder utan P0126-moderskant (20.547ms)
  ✔ P0125:s avförda sökning i 1822 får ingen negativ verkan för födelsen 1820 (1167.346125ms)
✔ tredje personkohorten bevarar rättelser, kandidatgränser och källomfång efter faktisk införsel (142802.101ms)
▶ fjärde personkohorten bevarar rättelser, kandidatgränser och källomfång efter faktisk införsel
  ✔ Rödåbarnens olika radmarkeringar blir inte påhittade livshändelser (1328.679ms)
  ✔ Carl Petters vuxennamn och sonfamilj bevaras utan nya säkra barnidentiteter (0.943458ms)
  ✔ Maria Johannas identitetskandidat behåller rätt ort, full dag och olöst slutsats (0.834ms)
  ✔ Hans dop får fyra originalvittnen och ingen summering med den motsagda privatlistan (2.015208ms)
  ✔ privata barnuppgifter skapar inga accepterade ankanter och namnarna förblir skilda (76.365333ms)
  ✔ Bettnafallet bevarar rättad dagläsning utan påhittat noll eller säker biologisk mor (1306.295417ms)
  ✔ Anna Stinas olösta födelse, fysiska volymlucka och verkliga noll har skilda omfång (1465.42975ms)
  ✔ en senare komplett vittneslista upphäver den gamla negativa premissen utan att bevisa släktskap (69.759875ms)
✔ fjärde personkohorten bevarar rättelser, kandidatgränser och källomfång efter faktisk införsel (152264.16375ms)
▶ femte personkohorten bevarar rättelser, kandidatgränser och källomfång efter faktisk införsel
  ✔ privatlistans sex barn behåller kandidatgränser och individuella ort-/yrkesfält (51.804083ms)
  ✔ avvisade dopanspråk avvecklar forskning men raderar inte möjliga människor (4645.899958ms)
  ✔ Kristinas ägarbekräftade kärnfamilj och senare granskningsbeslut hålls samman (1600.723958ms)
  ✔ Evys födelseby, familjehemvist och separata söknoll behåller olika räckvidd (1533.562291ms)
  ✔ Gunnars källnamn och senare rättelser blir inga nya identiteter eller påhittade orter (12.281ms)
  ✔ Maria Sofias nöddop, dopbekräftelse och moderns kyrktagning har rätt subjekt (3200.141458ms)
  ✔ Årdalahushållens radägare och identitetskandidater behåller sina gränser (9.792167ms)
  ✔ Risvattnets ålderskonflikt och dödsnotis behandlas efter skilda källgrunder (11.487583ms)
  ✔ Johanna Charlottas existens består när forskningen avvecklas och rånamn rättas (1645.365417ms)
  ✔ Henrikssonfamiljens källposter, barnantal och personliga dopnoter hålls isär (2.841208ms)
✔ femte personkohorten bevarar rättelser, kandidatgränser och källomfång efter faktisk införsel (194183.352667ms)
▶ sjätte personkohorten bevarar rättelser, kandidatgränser och källomfång efter faktisk införsel
  ✔ Stinas senare datumrättelse bevaras utan att decemberbarnet eller 1867 års piga blir hon (7.187625ms)
  ✔ Olivas ägartitel bevisar inte en överlåtelse och Erik har egna källposter för flytt och födelse (3.595209ms)
  ✔ Larssonfamiljens sena läsrättelser ändrar inte olästa fält till säkra slutsatser (1.70925ms)
  ✔ Henrikssonbarnen delar rätt familjeflytt utan att ett senare barn deltar (0.714084ms)
  ✔ Urbom och Ajax behåller olösta ursprung, villkorad ålder och rättade barnposter (10.893541ms)
  ✔ Högsjös hushållsmedlemskap skapar inga nya föräldrar och civilståndskonflikten består (27.020709ms)
  ✔ Hökfamiljens rättade datum och postbundna uppgifter följer rätt person (2.307167ms)
  ✔ barnamodern blir inte Johannes egen mor och ägarfastställt faderskap består (9.587292ms)
  ✔ kärnfamiljens ägarbekräftelse består samtidigt som motstridiga gamla betyg syns (4044.262875ms)
  ✔ Korsbergaberättelsens kandidater blir inga säkra anor och sidnoll behåller sitt omfång (51.717875ms)
  ✔ Alvas gamla dubblett får historiskt forskningsläge utan ny person eller ändrad aktuell Alvaprofil (2014.949583ms)
  ✔ sidogrenarnas namn, yrkesberättelser och olösta identiteter behåller egna gränser (1.892125ms)
✔ sjätte personkohorten bevarar rättelser, kandidatgränser och källomfång efter faktisk införsel (247579.528791ms)
✔ sjunde kohorten bevarar källrättelser och avgränsningar med full radtäckning, omkörning och återställning (590781.435291ms)
persons-08: bas, pilot och journalposter 1–33 återspelade
persons-08: införsel, omkörning, 41 riskgrupper, historik och full enhetstäckning godkända
persons-08: återställning med identisk export, personvy och bevarade granskningsnivåer godkänd
✔ åttonde kohorten bevarar källrättelser och avgränsningar med full radtäckning, omkörning och återställning (743309.9985ms)
persons-09: bas, pilot och journalposter 1–34 återspelade
persons-09: införsel, omkörning, semantiska riskfall, historik och full enhetstäckning godkända
persons-09: identisk återställning; avvecklad forskning och avvisad läsning bevarade
✔ nionde kohorten bevarar källrättelser och avgränsningar med full radtäckning, omkörning och återställning (893648.808125ms)
persons-10: bas, pilot och journalposter 1–35 återspelade
persons-10: införsel, omkörning, semantiska riskfall, historik och full enhetstäckning godkända
persons-10: identisk återställning och bevarade faders-/civilståndskonflikter
✔ tionde kohorten bevarar källrättelser och avgränsningar med full radtäckning, omkörning och återställning (1078212.478959ms)
persons-11: bas, pilot och journalposter 1–36 återspelade
persons-11: införsel, omkörning, semantiska riskfall, historik och full enhetstäckning godkända
persons-11: identisk återställning och bevarade identitets-/födelsekonflikter
✔ elfte och sista personkohorten bevarar källrättelser och avgränsningar med full radtäckning, omkörning och återställning (1141100.159417ms)
✔ första personkohorten bevarar rättelser, gemensamma källomnämnanden, riktade relationer och avvecklade frågor (91604.137833ms)
✔ personimporten bevarar flera mål, gemensamma relationer och aktiva forskningsbedömningar (102.823375ms)
✔ personimporten bevarar flera mål, gemensamma relationer och avvecklade forskningsbedömningar (61.568667ms)
✔ personvyn visar återbrukade fakta som separat kontext med verkligt ämne utan dubblering (31.538291ms)
✔ icke-personakters historiska profiler förblir skilda från målpersonens aktuella forskning (53.547541ms)
✔ riktig pilot: familjeroller, provenans, datum, avgränsat noll och identiteter (12045.166208ms)
✔ bootstrap preserves existing database and interrupted restore before reading inputs (1.656666ms)
✔ bootstrap rejects substituted historical operation without creating database (1.134834ms)
✔ fullständiga register bevarar 805 källor och skiljer 25 sidpersoner, en dubblett och ett felläsningsförslag (13997.491458ms)
✔ accepterad och ägarbekräftad person saknar grind utan uttryckliga bedömningar (7.108208ms)
✔ exakta äldre rubrikrader passerar identitetsnivån trots livsbild UNDERKÄND och sammanblandat outcome (4.190583ms)
✔ accepterad enpostidentitet med UNDERKÄND och EJ BÄRANDE stoppas oberoende av positivt aggregate outcome (3.741459ms)
✔ KLAR, citat, kodexempel och senare avsnitt blir inte aktuella granskningsrader (3.672167ms)
✔ dubbla, kvalificerade och motsägande rubrikvärden stoppas utan gissning (5.781625ms)
✔ native kriterier går före äldre import per nivå och bevarar argument, belägg och rättelsekvalifikationer (5.942459ms)
✔ konkurrerande nativebedömningar stoppas även med samma utfall; uttrycklig pensionering löser konkurrensen (5.675708ms)
✔ rättad, pensionerad, föreslagen eller ogiltig nativebedömning återupplivar inte äldre godkännande (9.073792ms)
✔ versionsändrat belägg stoppar pending granskning även om en ny revision återger samma positiva utfall (6.136875ms)
✔ pending livsbildskriterium blockerar inte identitet; pending gemensamt äldre bedömningshuvud måste avgränsas uttryckligt (5.660333ms)
✔ saknad eller okänd livsbild sänker inte godkänd identitetsnivå; kandidatperson passerar ändå inte (4.383334ms)
▶ källprecision rättas med bevarad historik och uttrycklig följdprövning
  ✔ rårollen make avgör inte offentlig personidentitet (1.815625ms)
  ✔ Edlas egna flyttar bryter sammanboendet men inte syskonskapet (0.854792ms)
  ✔ vittnets ort och oetiketterad ålder får rätt räckvidd även i följdöversikten (1.289209ms)
  ✔ gamla revisioner består och följdprövningen krävs innan allt är avstämt (4768.883417ms)
✔ källprecision rättas med bevarad historik och uttrycklig följdprövning (255012.435375ms)
✔ schema 1: explicit migrering och återställning av äldre export (30.646791ms)
✔ schema 2: explicit migrering och återställning av äldre export (76.014834ms)
✔ schema 3: explicit migrering och återställning av äldre export (67.130583ms)
✔ schema 4: explicit migrering och återställning av äldre export (79.1505ms)
✔ schema 5: explicit migrering och återställning av äldre export (79.885208ms)
✔ dopvittnesalias är händelsebundet och okända rollord bevaras (0.621667ms)
✔ båda dopvittneskoder hittas, utan dopbarn, föräldrar, förrättare eller vigselvittnen (18.351ms)
✔ deltagare, händelse och råomnämnande behåller var sin fulla bedömning (13.189125ms)
✔ personfilter betyder uttrycklig deltagarperson; ett namn eller en identitetslänk fyller inte luckan (12.672875ms)
✔ tomma filter betyder alla aktuella deltaganden; okända värden förblir sökbara (21.481125ms)
✔ frågevyn är läsande och döljer inga äldre revisioner genom omskrivning (13.935ms)
✔ frågeutfall återbrukar domänens kodning och behåller de verkliga okodade råorden (0.319ms)
✔ en avvecklad öppen fråga förblir inaktiv utan ändrat råutfall eller bedömning (0.096292ms)
✔ hel arbetscykel med nya media, versionsbundna referenser, avbrott, journal och full återställning (393.421625ms)
✔ fel i sista ändringen lämnar varken operation, sökindex eller journal; föråldrat belägg inom samma operation stoppas (17.097458ms)
✔ senare journaloperation måste kontrollera även återbrukade gamla och nya medier (80.068458ms)
ℹ tests 133
ℹ suites 0
ℹ pass 133
ℹ fail 0
ℹ cancelled 0
ℹ skipped 0
ℹ todo 0
ℹ duration_ms 1885852.672375
