{
  unchanged: false,
  operation: 'T-0663/context-accounting-v1',
  changes: 0,
  pendingReviews: 0
}
{
  stage: 'Semantik, 0 beslutslösa enheter, oförändrade frågor och samtliga äldre rader PASS',
  risks: {
    ok: true,
    groups: 35,
    components: [ [Object], [Object], [Object] ],
    banns: 3,
    participations: 6,
    resolvedPairs: 25
  },
  undecided: 0,
  coverage: {
    documents: 3717,
    assets: 5067,
    units: 97854,
    unitStates: {
      preserved_text: 47734,
      mapped_complete: 35109,
      pending_interpretation: 8214,
      preserved_history: 6797
    },
    domainObjects: 43366
  },
  contextDocuments: 51,
  unchangedInterpretationQuestions: 8214
}
{
  PASS: true,
  digest: 'ad8cade9a88656eaf98dd62cd20b721abb2600af8d571b4779cdb6d60cb87ed5',
  dbPath: '/var/folders/m9/vh359xh12xv4d28_6sd260x80000gq/T/genealogy2-T0663-preflight-nFuk9k/db.sqlite'
}
