{
  "ok": true,
  "task": "T-0663",
  "operations": [
    {
      "id": "T-0663/reviewed-corrections-v1",
      "hash": "83073e306c205843f6dc229a4d5ba45cd6650f7b7f30a6e2f3aec13f6fcff336",
      "changes": 111,
      "decisions": 48
    },
    {
      "id": "T-0663/context-accounting-v1",
      "hash": "2f0d32d7cef28abd88755426f8ea19b5867bb25ac79d654a5ff44d303bfd8827",
      "changes": 0,
      "decisions": 10974
    }
  ],
  "results": [
    {
      "path": "data/research.sqlite",
      "digest": "1fc97543096073e048136e12bcb0d26cca357f60bb962a248b1cb0ca9366ecba",
      "risks": {
        "ok": true,
        "groups": 35,
        "components": [
          {
            "ok": true,
            "groups": 13
          },
          {
            "ok": true,
            "groups": 12,
            "changes": 22,
            "dependencyPairsResolved": 25
          },
          {
            "ok": true,
            "groups": 7,
            "changed": 44,
            "retained": 7
          }
        ],
        "banns": 3,
        "participations": 6,
        "resolvedPairs": 25
      },
      "undecided": 0,
      "coverage": {
        "documents": 3717,
        "assets": 5067,
        "units": 97854,
        "unitStates": {
          "preserved_text": 47734,
          "mapped_complete": 35109,
          "pending_interpretation": 8214,
          "preserved_history": 6797
        },
        "domainObjects": 43366
      },
      "contextDocuments": 51,
      "unchangedInterpretationQuestions": 8214,
      "journal": {
        "entries": 39,
        "last": 39
      },
      "unchangedRows": {
        "meta": 1,
        "import_batch": 1,
        "document": 3717,
        "asset": 5067,
        "legacy_entity": 2992,
        "unit": 97839,
        "legacy_assertion": 5130,
        "operation": 38,
        "object": 43344,
        "revision": 43969,
        "origin": 91829,
        "dependency": 28166,
        "review_request": 83,
        "review_resolution": 83,
        "person": 1066,
        "source": 828,
        "record": 1968,
        "record_asset": 1447,
        "transcription": 847,
        "mention": 2455,
        "observation": 3122,
        "identity": 1779,
        "identity_resolution": 11,
        "place": 21,
        "event": 1469,
        "participation": 2514,
        "relation": 1669,
        "fact": 3429,
        "question": 1308,
        "search": 452,
        "assessment": 20493,
        "narrative": 538,
        "legacy_mapping": 539,
        "native_asset": 0,
        "record_media": 0,
        "operation_payload": 37,
        "unit_decision": 86883,
        "unit_decision_target": 77198
      }
    },
    {
      "path": "verification/T-0644-restored-root/genealogy2/data/research.sqlite",
      "digest": "1fc97543096073e048136e12bcb0d26cca357f60bb962a248b1cb0ca9366ecba",
      "risks": {
        "ok": true,
        "groups": 35,
        "components": [
          {
            "ok": true,
            "groups": 13
          },
          {
            "ok": true,
            "groups": 12,
            "changes": 22,
            "dependencyPairsResolved": 25
          },
          {
            "ok": true,
            "groups": 7,
            "changed": 44,
            "retained": 7
          }
        ],
        "banns": 3,
        "participations": 6,
        "resolvedPairs": 25
      },
      "undecided": 0,
      "coverage": {
        "documents": 3717,
        "assets": 5067,
        "units": 97854,
        "unitStates": {
          "preserved_text": 47734,
          "mapped_complete": 35109,
          "pending_interpretation": 8214,
          "preserved_history": 6797
        },
        "domainObjects": 43366
      },
      "contextDocuments": 51,
      "unchangedInterpretationQuestions": 8214,
      "journal": {
        "entries": 39,
        "last": 39
      },
      "unchangedRows": {
        "meta": 1,
        "import_batch": 1,
        "document": 3717,
        "asset": 5067,
        "legacy_entity": 2992,
        "unit": 97839,
        "legacy_assertion": 5130,
        "operation": 38,
        "object": 43344,
        "revision": 43969,
        "origin": 91829,
        "dependency": 28166,
        "review_request": 83,
        "review_resolution": 83,
        "person": 1066,
        "source": 828,
        "record": 1968,
        "record_asset": 1447,
        "transcription": 847,
        "mention": 2455,
        "observation": 3122,
        "identity": 1779,
        "identity_resolution": 11,
        "place": 21,
        "event": 1469,
        "participation": 2514,
        "relation": 1669,
        "fact": 3429,
        "question": 1308,
        "search": 452,
        "assessment": 20493,
        "narrative": 538,
        "legacy_mapping": 539,
        "native_asset": 0,
        "record_media": 0,
        "operation_payload": 37,
        "unit_decision": 86883,
        "unit_decision_target": 77198
      }
    }
  ]
}
