{
  unchanged: false,
  operation: 'T-0663/reviewed-corrections-v1',
  changes: 111,
  pendingReviews: 0
}
{
  ok: true,
  groups: 35,
  components: [
    { ok: true, groups: 13 },
    { ok: true, groups: 12, changes: 22, dependencyPairsResolved: 25 },
    { ok: true, groups: 7, changed: 44, retained: 7 }
  ],
  banns: 3,
  participations: 6,
  resolvedPairs: 25
}
{ ok: true, errors: [] }
{
  PASS: true,
  dbPath: '/var/folders/m9/vh359xh12xv4d28_6sd260x80000gq/T/genealogy2-T0663-preflight-nFuk9k/db.sqlite'
}
