✔ inventeringen skiljer aktiva akter, oregistrerad granskning, identitetsgrind och livsbild (17.749917ms)
✔ antavlefrågan skiljer säkra länkar, osäker/avvisad identitet, roller, riktning, cykler och väntande prövningar (28.279584ms)
✔ verified är standard och passerar rot samt förälder med underkänd livsbild men stoppar båda ofärdiga mor-/farföräldrarna (19.32125ms)
✔ saknad eller underkänd rotgranskning stoppar passage trots accepterad person och säkra typade länkar (14.530875ms)
✔ godkända profiler upphäver inte kandidatkanter, fel relationsart, avvisade/ersatta identiteter, väntande omprövning eller cykler (29.096ms)
✔ en senare underkänd identitetsgranskning stoppar grenen utan revision av person eller föräldralänk (20.119ms)
✔ verified behåller djup- och antalsgränser samt typad frågas gränsvalidering (19.963917ms)
✔ biological_parent är ett läsalias med bevarad ägarkunskap; correlated_parent och saknad granskning ger ingen passage (12.142625ms)
✔ accepterad och ägarbekräftad person saknar grind utan uttryckliga bedömningar (7.6735ms)
✔ exakta äldre rubrikrader passerar identitetsnivån trots livsbild UNDERKÄND och sammanblandat outcome (4.2855ms)
✔ accepterad enpostidentitet med UNDERKÄND och EJ BÄRANDE stoppas oberoende av positivt aggregate outcome (3.818041ms)
✔ KLAR, citat, kodexempel och senare avsnitt blir inte aktuella granskningsrader (3.650583ms)
✔ dubbla, kvalificerade och motsägande rubrikvärden stoppas utan gissning (5.876833ms)
✔ native kriterier går före äldre import per nivå och bevarar argument, belägg och rättelsekvalifikationer (5.862958ms)
✔ konkurrerande nativebedömningar stoppas även med samma utfall; uttrycklig pensionering löser konkurrensen (6.28375ms)
✔ rättad, pensionerad, föreslagen eller ogiltig nativebedömning återupplivar inte äldre godkännande (9.932208ms)
✔ versionsändrat belägg stoppar pending granskning även om en ny revision återger samma positiva utfall (6.242958ms)
✔ pending livsbildskriterium blockerar inte identitet; pending gemensamt äldre bedömningshuvud måste avgränsas uttryckligt (6.491084ms)
✔ saknad eller okänd livsbild sänker inte godkänd identitetsnivå; kandidatperson passerar ändå inte (5.018542ms)
ℹ tests 19
ℹ suites 0
ℹ pass 19
ℹ fail 0
ℹ cancelled 0
ℹ skipped 0
ℹ todo 0
ℹ duration_ms 289.505375
