✔ ny källrevision efter retain öppnar direkt omprövning av äldre versionsbundet underlag (21.739083ms)
✔ ny källrevision efter retain öppnar även transitiv omprövning av äldre versionsbundet underlag (74.809625ms)
✔ en orelaterad källrevision öppnar inte redan prövade direkta eller transitiva slutsatser (15.920208ms)
✔ typad antavla styrs av relationsbeslut, inte släktord i prosa eller fristående CONFLICT-status (175.604209ms)
✔ v2 följer en kvarvarande gammal kedja men flaggar inte en frikopplad aktuell revision (18.448ms)
✔ gamla råjournaler behåller v1-resultat; native skrivning och retries bevarar vald policy och hash (1034.445417ms)
✔ okänd omprövningsversion stoppas före mutation; explicit v1 förblir läsbar (73.918209ms)
✔ arkivtext behåller UTF-8-byte, radslut, hash, enhetsspann och avslut utan ny rad (5.026334ms)
✔ P/S/C/T-länkar kräver exakta textomnämnanden och verkliga importerade mål (739.102125ms)
✔ tomma filter ger inga tomma SQL-villkor och sökningen är bokstavlig (1.867625ms)
✔ alla 51 forskningskontextdokument har sakligt avgränsade historiska ändamål (2.02525ms)
✔ konverteringsbeslut skiljer bevarad text från tolkningsfråga och versioneras utan att ändra underlaget (192.947875ms)
✔ en sammansatt rad behåller alla återbrukade mål och senare beslut ersätter hela målgruppen (106.400417ms)
✔ en gemensam händelses preciseringar visas oförändrade för alla deltagare (20.376125ms)
✔ läsvyn bevarar skilda förbehåll, bedömningar, ursprung och väntande omprövning (170.550958ms)
✔ transaktioner, versionskonflikt, oföränderlig evidens, beroenden och återställning (108.2855ms)
✔ kandidater/avvisanden är skilda från accepterad identitet; ägarkunskap nedgraderas inte (490.075416ms)
✔ första verkliga evidenskohorten bevarar postgränser, rättelser, sökomfång och alla textenheter (32420.653791ms)
✔ femte kohorten bevarar härledda index, positiva kontrollposter i söknoll och oförenliga råuppgifter (35602.659208ms)
✔ andra verkliga kohorten bevarar rättade flyttkedjor och omfång samt återbrukar tidigare källposter (19389.614584ms)
✔ tredje verkliga kohorten skiljer rättelser, återbrukad gammal text och kvarstående källkonflikter (21990.209417ms)
✔ fjärde verkliga kohorten versionsbevarar nya bildlänkar och skiljer råkolumner, omprövningar och projektslutledningar (29651.619708ms)
✔ sista evidenskohorten bevarar sena identitetsgränser, råkonflikter och katalogåtkomst utan personslutsatser (52844.22225ms)
✔ två citationer återbrukar samma källpost, läsningar hålls skilda och söknoll blir ingen positiv post (484.611375ms)
✔ impact traces actual old-version chains while separating detached current objects (308.794666ms)
✔ citation routes bounded records but never converts import origins/targets or text into support (27.88575ms)
✔ literal date search finds unlinked copies and keeps superseded revisions separate (24.386625ms)
✔ namesake, case sensitivity and SQL/regex characters never imply identity or evidence (30.3875ms)
✔ read-only CLI and library preserve complete export and do not resolve pending reviews (163.94175ms)
✔ exakta UTF-8-spann och citerad historik; bevarade Markdown-celler (2.318667ms)
✔ förlustfri import, atomärt avbrott, omimport, drift, backup och export/restore (70.969334ms)
✔ inventeringen skiljer aktiva akter, oregistrerad granskning, identitetsgrind och livsbild (22.718417ms)
✔ kandidathändelse och deltagaridentitet blir inte fastställd genom accepterad personkärna (2.014292ms)
✔ kronologin använder typade datum och bevarar intervall, alternativ och alfabetiska råformer (0.387375ms)
✔ samma händelse grupperas men båda deltagarrollerna och samtliga hela förbehåll består (0.388291ms)
✔ arkivreferens visar avvisad läsning, inaktiv fråga och väntande omprövning på importbedömningen (0.392ms)
✔ alias och avvecklad verklig person är olika fall (0.3775ms)
✔ granskningsaxlar och fristående rättelser syns utan att äldre fullkontrakt blir aktuell livsbildsgranskning (0.457875ms)
✔ konflikter och korrigerande sakbedömningar syns även när caveat är tomt (1.176458ms)
✔ antavlefrågan skiljer säkra länkar, osäker/avvisad identitet, roller, riktning, cykler och väntande prövningar (38.189917ms)
✔ verified är standard och passerar rot samt förälder med underkänd livsbild men stoppar båda ofärdiga mor-/farföräldrarna (25.589ms)
✔ saknad eller underkänd rotgranskning stoppar passage trots accepterad person och säkra typade länkar (17.141792ms)
✔ godkända profiler upphäver inte kandidatkanter, fel relationsart, avvisade/ersatta identiteter, väntande omprövning eller cykler (43.701833ms)
✔ en senare underkänd identitetsgranskning stoppar grenen utan revision av person eller föräldralänk (22.700417ms)
✔ verified behåller djup- och antalsgränser samt typad frågas gränsvalidering (22.118375ms)
✔ biological_parent är ett läsalias med bevarad ägarkunskap; correlated_parent och saknad granskning ger ingen passage (12.337583ms)
✔ andra personkohorten skiljer källpersoner, kandidatföräldrar, registreringsdagar och avvecklad forskning (181441.7075ms)
▶ tredje personkohorten bevarar rättelser, kandidatgränser och källomfång efter faktisk införsel
  ✔ senare kolumnprövning av C0123 ger tre gemensamma lysningar, ingen läst vigseldag (2991.64475ms)
  ✔ C0833:s födelsebarn och föräldrar är bevarade utan säker brygga till vuxne P0123 (2835.656292ms)
  ✔ Carolina har egen bokförd utflyttning 1857 och följer inte automatiskt familjen 1859 (1478.509583ms)
  ✔ familjesynteser binder sina källposter och moderstalet 38 förblir ett eget råfält (19340.114042ms)
  ✔ C0128 bevarar dop 8 oktober, Stina Cajsa och en annan rå moder utan P0126-moderskant (22.303375ms)
  ✔ P0125:s avförda sökning i 1822 får ingen negativ verkan för födelsen 1820 (1405.34975ms)
✔ tredje personkohorten bevarar rättelser, kandidatgränser och källomfång efter faktisk införsel (176304.845542ms)
▶ fjärde personkohorten bevarar rättelser, kandidatgränser och källomfång efter faktisk införsel
  ✔ Rödåbarnens olika radmarkeringar blir inte påhittade livshändelser (1611.732084ms)
  ✔ Carl Petters vuxennamn och sonfamilj bevaras utan nya säkra barnidentiteter (0.975834ms)
  ✔ Maria Johannas identitetskandidat behåller rätt ort, full dag och olöst slutsats (0.699958ms)
  ✔ Hans dop får fyra originalvittnen och ingen summering med den motsagda privatlistan (1.803ms)
  ✔ privata barnuppgifter skapar inga accepterade ankanter och namnarna förblir skilda (70.652166ms)
  ✔ Bettnafallet bevarar rättad dagläsning utan påhittat noll eller säker biologisk mor (2878.292833ms)
  ✔ Anna Stinas olösta födelse, fysiska volymlucka och verkliga noll har skilda omfång (1988.090875ms)
  ✔ en senare komplett vittneslista upphäver den gamla negativa premissen utan att bevisa släktskap (69.221916ms)
✔ fjärde personkohorten bevarar rättelser, kandidatgränser och källomfång efter faktisk införsel (185274.227417ms)
▶ femte personkohorten bevarar rättelser, kandidatgränser och källomfång efter faktisk införsel
  ✔ privatlistans sex barn behåller kandidatgränser och individuella ort-/yrkesfält (62.633167ms)
  ✔ avvisade dopanspråk avvecklar forskning men raderar inte möjliga människor (6394.397625ms)
  ✔ Kristinas ägarbekräftade kärnfamilj och senare granskningsbeslut hålls samman (3016.704125ms)
  ✔ Evys födelseby, familjehemvist och separata söknoll behåller olika räckvidd (2154.138458ms)
  ✔ Gunnars källnamn och senare rättelser blir inga nya identiteter eller påhittade orter (12.464ms)
  ✔ Maria Sofias nöddop, dopbekräftelse och moderns kyrktagning har rätt subjekt (4846.045292ms)
  ✔ Årdalahushållens radägare och identitetskandidater behåller sina gränser (10.063708ms)
  ✔ Risvattnets ålderskonflikt och dödsnotis behandlas efter skilda källgrunder (12.466792ms)
  ✔ Johanna Charlottas existens består när forskningen avvecklas och rånamn rättas (2057.126459ms)
  ✔ Henrikssonfamiljens källposter, barnantal och personliga dopnoter hålls isär (3.967333ms)
✔ femte personkohorten bevarar rättelser, kandidatgränser och källomfång efter faktisk införsel (239582.9085ms)
▶ sjätte personkohorten bevarar rättelser, kandidatgränser och källomfång efter faktisk införsel
  ✔ Stinas senare datumrättelse bevaras utan att decemberbarnet eller 1867 års piga blir hon (8.221417ms)
  ✔ Olivas ägartitel bevisar inte en överlåtelse och Erik har egna källposter för flytt och födelse (3.639583ms)
  ✔ Larssonfamiljens sena läsrättelser ändrar inte olästa fält till säkra slutsatser (1.729167ms)
  ✔ Henrikssonbarnen delar rätt familjeflytt utan att ett senare barn deltar (0.750167ms)
  ✔ Urbom och Ajax behåller olösta ursprung, villkorad ålder och rättade barnposter (12.91625ms)
  ✔ Högsjös hushållsmedlemskap skapar inga nya föräldrar och civilståndskonflikten består (32.870625ms)
  ✔ Hökfamiljens rättade datum och postbundna uppgifter följer rätt person (4.521542ms)
  ✔ barnamodern blir inte Johannes egen mor och ägarfastställt faderskap består (11.000417ms)
  ✔ kärnfamiljens ägarbekräftelse består samtidigt som motstridiga gamla betyg syns (5665.9295ms)
  ✔ Korsbergaberättelsens kandidater blir inga säkra anor och sidnoll behåller sitt omfång (54.376291ms)
  ✔ Alvas gamla dubblett får historiskt forskningsläge utan ny person eller ändrad aktuell Alvaprofil (2540.939167ms)
  ✔ sidogrenarnas namn, yrkesberättelser och olösta identiteter behåller egna gränser (2.030083ms)
✔ sjätte personkohorten bevarar rättelser, kandidatgränser och källomfång efter faktisk införsel (295347.697292ms)
✔ sjunde kohorten bevarar källrättelser och avgränsningar med full radtäckning, omkörning och återställning (680768.127584ms)
persons-08: bas, pilot och journalposter 1–33 återspelade
persons-08: införsel, omkörning, 41 riskgrupper, historik och full enhetstäckning godkända
persons-08: återställning med identisk export, personvy och bevarade granskningsnivåer godkänd
✔ åttonde kohorten bevarar källrättelser och avgränsningar med full radtäckning, omkörning och återställning (842550.670375ms)
persons-09: bas, pilot och journalposter 1–34 återspelade
persons-09: införsel, omkörning, semantiska riskfall, historik och full enhetstäckning godkända
persons-09: identisk återställning; avvecklad forskning och avvisad läsning bevarade
✔ nionde kohorten bevarar källrättelser och avgränsningar med full radtäckning, omkörning och återställning (998379.196125ms)
persons-10: bas, pilot och journalposter 1–35 återspelade
persons-10: införsel, omkörning, semantiska riskfall, historik och full enhetstäckning godkända
persons-10: identisk återställning och bevarade faders-/civilståndskonflikter
✔ tionde kohorten bevarar källrättelser och avgränsningar med full radtäckning, omkörning och återställning (1184116.50475ms)
persons-11: bas, pilot och journalposter 1–36 återspelade
persons-11: införsel, omkörning, semantiska riskfall, historik och full enhetstäckning godkända
persons-11: identisk återställning och bevarade identitets-/födelsekonflikter
✔ elfte och sista personkohorten bevarar källrättelser och avgränsningar med full radtäckning, omkörning och återställning (1222187.587708ms)
✔ första personkohorten bevarar rättelser, gemensamma källomnämnanden, riktade relationer och avvecklade frågor (106015.906875ms)
✔ personimporten bevarar flera mål, gemensamma relationer och aktiva forskningsbedömningar (112.871083ms)
✔ personimporten bevarar flera mål, gemensamma relationer och avvecklade forskningsbedömningar (69.915042ms)
✔ personvyn visar återbrukade fakta som separat kontext med verkligt ämne utan dubblering (31.926667ms)
✔ icke-personakters historiska profiler förblir skilda från målpersonens aktuella forskning (57.023291ms)
✔ riktig pilot: familjeroller, provenans, datum, avgränsat noll och identiteter (13197.876625ms)
✔ bootstrap preserves existing database and interrupted restore before reading inputs (1.907792ms)
✔ bootstrap rejects substituted historical operation without creating database (1.369917ms)
✔ fullständiga register bevarar 805 källor och skiljer 25 sidpersoner, en dubblett och ett felläsningsförslag (16269.76575ms)
✔ accepterad och ägarbekräftad person saknar grind utan uttryckliga bedömningar (288.70425ms)
✔ exakta äldre rubrikrader passerar identitetsnivån trots livsbild UNDERKÄND och sammanblandat outcome (4.674292ms)
✔ accepterad enpostidentitet med UNDERKÄND och EJ BÄRANDE stoppas oberoende av positivt aggregate outcome (3.437ms)
✔ KLAR, citat, kodexempel och senare avsnitt blir inte aktuella granskningsrader (3.330583ms)
✔ dubbla, kvalificerade och motsägande rubrikvärden stoppas utan gissning (5.456458ms)
✔ native kriterier går före äldre import per nivå och bevarar argument, belägg och rättelsekvalifikationer (6.253ms)
✔ konkurrerande nativebedömningar stoppas även med samma utfall; uttrycklig pensionering löser konkurrensen (62.083167ms)
✔ rättad, pensionerad, föreslagen eller ogiltig nativebedömning återupplivar inte äldre godkännande (9.822458ms)
✔ versionsändrat belägg stoppar pending granskning även om en ny revision återger samma positiva utfall (7.133667ms)
✔ pending livsbildskriterium blockerar inte identitet; pending gemensamt äldre bedömningshuvud måste avgränsas uttryckligt (6.458417ms)
✔ saknad eller okänd livsbild sänker inte godkänd identitetsnivå; kandidatperson passerar ändå inte (5.601667ms)
✔ new native negatives enforce complete scope atomically; known and explicitly unknown material alternatives accepted (305.568208ms)
✔ old requests and replay preserve hashes; marked retries survive source revision; new native explicit policy downgrade fails (289.016625ms)
✔ explicit subjects retrieve a receipt even with another question subject and no legacy origins (93.238708ms)
✔ actual apply-legacy CLI cannot bypass negative standard; valid memory accepts, old legacy retry and replay retain exact policy/hash (844.477667ms)
▶ källprecision rättas med bevarad historik och uttrycklig följdprövning
  ✔ rårollen make avgör inte offentlig personidentitet (2.063916ms)
  ✔ Edlas egna flyttar bryter sammanboendet men inte syskonskapet (0.844834ms)
  ✔ vittnets ort och oetiketterad ålder får rätt räckvidd även i följdöversikten (1.243125ms)
  ✔ gamla revisioner består och följdprövningen krävs innan allt är avstämt (4870.034542ms)
✔ källprecision rättas med bevarad historik och uttrycklig följdprövning (269268.911583ms)
✔ schema 1: explicit migrering och återställning av äldre export (35.404208ms)
✔ schema 2: explicit migrering och återställning av äldre export (74.311917ms)
✔ schema 3: explicit migrering och återställning av äldre export (72.072ms)
✔ schema 4: explicit migrering och återställning av äldre export (87.883709ms)
✔ schema 5: explicit migrering och återställning av äldre export (93.646875ms)
✔ dopvittnesalias är händelsebundet och okända rollord bevaras (0.68475ms)
✔ båda dopvittneskoder hittas, utan dopbarn, föräldrar, förrättare eller vigselvittnen (19.774416ms)
✔ deltagare, händelse och råomnämnande behåller var sin fulla bedömning (14.15525ms)
✔ personfilter betyder uttrycklig deltagarperson; ett namn eller en identitetslänk fyller inte luckan (12.826083ms)
✔ tomma filter betyder alla aktuella deltaganden; okända värden förblir sökbara (22.160875ms)
✔ frågevyn är läsande och döljer inga äldre revisioner genom omskrivning (15.1605ms)
✔ frågeutfall återbrukar domänens kodning och behåller de verkliga okodade råorden (0.363875ms)
✔ en avvecklad öppen fråga förblir inaktiv utan ändrat råutfall eller bedömning (0.095125ms)
Person utanför begränsad nodpilot: P-9999; omappad betyder inte att arbete saknas
✔ shared task references are identical while own subsets remain separate; live blockers update without a second queue (33.018042ms)
✔ bad associations, unknown refs, duplicated routes, status metadata and outside pilot fail explicitly (31.748875ms)
✔ work CLI JSON and default Markdown do not mutate database or journal; unmapped clear failure (432.785208ms)
✔ hel arbetscykel med nya media, versionsbundna referenser, avbrott, journal och full återställning (375.737042ms)
✔ fel i sista ändringen lämnar varken operation, sökindex eller journal; föråldrat belägg inom samma operation stoppas (18.893334ms)
✔ senare journaloperation måste kontrollera även återbrukade gamla och nya medier (86.428417ms)
ℹ tests 140
ℹ suites 0
ℹ pass 140
ℹ fail 0
ℹ cancelled 0
ℹ skipped 0
ℹ todo 0
ℹ duration_ms 2091604.790041
