{
  people: 50,
  changes: 3382,
  spans: 195,
  decisions: 5774,
  requestHash: 'bbcf9f7c1c2325a1aff06a955711d4e5d95b1efa1b48bb1f442fd15a4d812ae1',
  dir: '/var/folders/m9/vh359xh12xv4d28_6sd260x80000gq/T/genealogy2-T0660-preflight-FLh3DL'
}
{
  unchanged: false,
  operation: 'T-0660/persons-09-v1',
  changes: 3382,
  pendingReviews: 0
}
{ ok: true, groups: 7 }
{ pending: 0 }
{
  ok: true,
  groups: 59,
  parts: [
    { ok: true, groups: 19 },
    { ok: true, groups: 10 },
    { ok: true, groups: 22 },
    { ok: true, groups: 7 }
  ]
}
Förprov PASS; huvuddatabasen oförändrad.
