✖ åttonde kohorten bevarar källrättelser och avgränsningar med full radtäckning, omkörning och återställning (617999.639708ms)
ℹ tests 1
ℹ suites 0
ℹ pass 0
ℹ fail 1
ℹ cancelled 0
ℹ skipped 0
ℹ todo 0
ℹ duration_ms 618148.043042

✖ failing tests:

test at genealogy2/test/person-cohort-08.test.mjs:16:1
✖ åttonde kohorten bevarar källrättelser och avgränsningar med full radtäckning, omkörning och återställning (617999.639708ms)
  AssertionError [ERR_ASSERTION]: The input did not match the regular expression /UNDERKÄND/. Input:
  
  '`GODKÄND`'
  
      at TestContext.<anonymous> (file:///Users/sverker/repos/slaktforsk/genealogy2/test/person-cohort-08.test.mjs:87:10)
      at Test.runInAsyncScope (node:async_hooks:226:14)
      at Test.run (node:internal/test_runner/test:1402:25)
      at Test.start (node:internal/test_runner/test:1262:17)
      at startSubtestAfterBootstrap (node:internal/test_runner/harness:387:17) {
    generatedMessage: true,
    code: 'ERR_ASSERTION',
    actual: '`GODKÄND`',
    expected: /UNDERKÄND/,
    operator: 'match',
    diff: 'simple'
  }
