not yet started 30
3 z_opus55-medium_3 exit 0 
4 z_opus55-xhigh_5 exit 0 
1 y_opus55-medium_5 exit 0 
5 z_opus55-xhigh_3 exit 0 
2 y_opus55-xhigh_4 exit 0 
7 x_opus55-medium_1 exit 0 
8 y_opus55-medium_4 exit 0 
6 x_opus55-xhigh_5 exit 0 
11 y_opus55-medium_3 exit 0 
10 y_opus55-xhigh_5 exit 0 
13 z_opus55-medium_1 exit 0 
12 y_opus55-medium_2 exit 0 
9 x_opus55-xhigh_3 exit 0 
14 z_opus55-medium_5 exit 0 
16 x_opus55-medium_3 exit 0 
18 z_opus55-medium_4 exit 0 
15 y_opus55-xhigh_2 exit 0 
17 x_opus55-xhigh_1 exit 0 
21 z_opus55-xhigh_1 exit 0 
20 y_opus55-xhigh_1 exit 0 
22 x_opus55-medium_5 exit 0 
19 x_opus55-xhigh_4 exit 0 
25 z_opus55-medium_2 exit 0 
24 x_opus55-medium_2 exit 0 
26 y_opus55-medium_1 exit 0 
28 z_opus55-xhigh_2 exit 0 
29 z_opus55-xhigh_4 exit 0 
27 y_opus55-xhigh_3 exit 0 
23 x_opus55-xhigh_2 exit 0 
30 x_opus55-medium_4 exit 0 
batch finished
